-- The CXX compiler identification is GNU 13.3.0
-- The CUDA compiler identification is NVIDIA 12.6.85
-- Detecting CXX compiler ABI info
-- Detecting CXX compiler ABI info - done
-- Check for working CXX compiler: /usr/bin/c++ - skipped
-- Detecting CXX compile features
-- Detecting CXX compile features - done
-- Detecting CUDA compiler ABI info
-- Detecting CUDA compiler ABI info - done
-- Check for working CUDA compiler: /usr/local/cuda-12.6/bin/nvcc - skipped
-- Detecting CUDA compile features
-- Detecting CUDA compile features - done
-- Found Python: /usr/bin/python3 (found version "3.12.3") found components: Interpreter Development.Module 
-- Found CUDAToolkit: /usr/local/cuda-12.6/targets/x86_64-linux/include (found version "12.6.85") 
-- Performing Test CMAKE_HAVE_LIBC_PTHREAD
-- Performing Test CMAKE_HAVE_LIBC_PTHREAD - Success
-- Found Threads: TRUE  
-- pybind11 v2.12.0 
-- Found PythonInterp: /usr/bin/python3 (found suitable version "3.12.3", minimum required is "3.6") 
-- Found PythonLibs: /usr/lib/x86_64-linux-gnu/libpython3.12.so
-- Configuring done (2.4s)
-- Generating done (0.0s)
-- Build files have been written to: /mnt/ForgeRealm/wt/pt-bk4/tensor_cuda/build-bk4
[ 20%] Building CUDA object CMakeFiles/_tensor_cuda.dir/src/paint_inpaint.cu.o
[ 20%] Building CUDA object CMakeFiles/_tensor_cuda.dir/src/paint_raster.cu.o
[ 20%] Building CUDA object CMakeFiles/_tensor_cuda.dir/src/kernels.cu.o
[ 26%] Building CUDA object CMakeFiles/_tensor_cuda.dir/src/paint_bake.cu.o
[ 33%] Building CUDA object CMakeFiles/_tensor_cuda.dir/src/dda.cu.o
[ 40%] Building CUDA object CMakeFiles/_tensor_cuda.dir/src/terrain.cu.o
[ 46%] Building CUDA object CMakeFiles/_tensor_cuda.dir/src/terrain_objects.cu.o
[ 53%] Building CUDA object CMakeFiles/_tensor_cuda.dir/src/matmul.cu.o
[ 60%] Building CUDA object CMakeFiles/_tensor_cuda.dir/src/gemm_apa.cu.o
[ 66%] Building CUDA object CMakeFiles/_tensor_cuda.dir/src/conv.cu.o
[ 73%] Building CXX object CMakeFiles/_tensor_cuda.dir/src/autograd.cpp.o
[ 80%] Building CXX object CMakeFiles/_tensor_cuda.dir/src/ops.cpp.o
[ 86%] Building CXX object CMakeFiles/_tensor_cuda.dir/src/bindings.cpp.o
[ 93%] Linking CUDA device code CMakeFiles/_tensor_cuda.dir/cmake_device_link.o
[100%] Linking CXX shared module /mnt/ForgeRealm/wt/pt-bk4/tensor_cuda/tensor_cuda/_tensor_cuda.cpython-312-x86_64-linux-gnu.so
[100%] Built target _tensor_cuda
/mnt/ForgeRealm/wt/pt-bk4/tensor_cuda/src/kernels.cu(3056): warning #177-D: variable "lane" was declared but never referenced
    int tid=threadIdx.x, warp=tid/32, lane=tid%32, group=H/KVH;
                                      ^

Remark: The warnings can be suppressed with "-diag-suppress <warning-number>"

